<?xml version="1.0" encoding="UTF-8"?>
<testsuites name="jest tests" tests="9" failures="0" errors="0" time="2.912">
  <testsuite name="undefined" errors="0" failures="0" skipped="0" timestamp="2023-11-13T18:04:49" time="2.818" tests="9">
    <testcase classname=" switch elements" name=" switch elements" time="0.003">
    </testcase>
    <testcase classname=" switch element with id === parentId" name=" switch element with id === parentId" time="0.001">
    </testcase>
    <testcase classname=" reorganize items" name=" reorganize items" time="0.001">
    </testcase>
    <testcase classname=" move element" name=" move element" time="0.001">
    </testcase>
    <testcase classname=" move elements with id === parentId" name=" move elements with id === parentId" time="0">
    </testcase>
    <testcase classname=" move element into reorganized container" name=" move element into reorganized container" time="0.001">
    </testcase>
    <testcase classname=" balance layout" name=" balance layout" time="0.001">
    </testcase>
    <testcase classname=" save layout on local-storage" name=" save layout on local-storage" time="0">
    </testcase>
    <testcase classname=" Convert children to element container" name=" Convert children to element container" time="0">
    </testcase>
  </testsuite>
</testsuites>